E1/stock done 19s
E1/center done 50s
E1/corner done 98s
E2/stock done 143s
E2/center done 173s
E2/corner done 217s
E3/stock done 255s
E3/center done 286s
E3/corner done 318s
E4/stock done 357s
E4/center done 392s
E4/corner done 429s
E5/stock done 461s
E5/center done 490s
E5/corner done 518s
E6/stock done 546s
E6/center done 568s
E6/corner done 594s
earth E1 stock vs free 勝率  85.1%  勝-負-未 228-40-32  先手 90.2% 後手 80.1%  中央値手番 11  凍結負け 0  氷 0.0回/局(延長 -)  相手王 K:202 5:38 4:16 7:9
earth E1 center vs free 勝率  83.5%  勝-負-未 228-45-27  先手 85.3% 後手 81.8%  中央値手番 14  凍結負け 0  氷 0.0回/局(延長 -)  相手王 K:171 5:45 4:27 6:6
earth E1 corner vs free 勝率  87.2%  勝-負-未 218-32-50  先手 85.3% 後手 89.3%  中央値手番 21  凍結負け 0  氷 0.0回/局(延長 -)  相手王 K:188 4:23 5:20 Q:8
earth E2 stock vs free 勝率  94.3%  勝-負-未 264-16-20  先手 94.3% 後手 94.3%  中央値手番 9  凍結負け 0  氷 0.0回/局(延長 -)  相手王 K:224 5:33 4:18 7:4
earth E2 center vs free 勝率  92.3%  勝-負-未 252-21-27  先手 92.9% 後手 91.7%  中央値手番 10  凍結負け 0  氷 0.0回/局(延長 -)  相手王 K:226 5:20 4:17 9:6
earth E2 corner vs free 勝率  92.8%  勝-負-未 220-17-63  先手 94.2% 後手 91.5%  中央値手番 18  凍結負け 0  氷 0.0回/局(延長 -)  相手王 K:179 5:38 4:14 10:3
earth E3 stock vs free 勝率  81.2%  勝-負-未 216-50-34  先手 86.9% 後手 75.7%  中央値手番 12  凍結負け 0  氷 0.0回/局(延長 -)  相手王 K:183 4:33 5:23 7:8
earth E3 center vs free 勝率  73.5%  勝-負-未 194-70-36  先手 78.0% 後手 68.9%  中央値手番 13  凍結負け 0  氷 0.0回/局(延長 -)  相手王 K:180 4:30 5:25 J:11
earth E3 corner vs free 勝率  73.9%  勝-負-未 187-66-47  先手 76.6% 後手 71.3%  中央値手番 20  凍結負け 0  氷 0.0回/局(延長 -)  相手王 K:177 4:30 5:28 8:6
earth E4 stock vs free 勝率  86.3%  勝-負-未 214-34-52  先手 89.1% 後手 83.3%  中央値手番 10  凍結負け 0  氷 0.0回/局(延長 -)  相手王 K:149 5:46 4:30 J:11
earth E4 center vs free 勝率  78.3%  勝-負-未 209-58-33  先手 81.8% 後手 74.6%  中央値手番 13  凍結負け 0  氷 0.0回/局(延長 -)  相手王 K:161 5:43 4:35 9:7
earth E4 corner vs free 勝率  81.9%  勝-負-未 195-43-62  先手 83.6% 後手 80.2%  中央値手番 19  凍結負け 0  氷 0.0回/局(延長 -)  相手王 K:151 4:33 5:31 Q:14
earth E5 stock vs free 勝率  79.8%  勝-負-未 209-53-38  先手 82.4% 後手 77.1%  中央値手番 10  凍結負け 0  氷 0.0回/局(延長 -)  相手王 K:208 4:27 5:20 6:4
earth E5 center vs free 勝率  85.5%  勝-負-未 230-39-31  先手 89.3% 後手 81.9%  中央値手番 12  凍結負け 0  氷 0.0回/局(延長 -)  相手王 K:208 5:27 4:24 8:4
earth E5 corner vs free 勝率  85.1%  勝-負-未 222-39-39  先手 91.7% 後手 78.1%  中央値手番 17  凍結負け 0  氷 0.0回/局(延長 -)  相手王 K:204 4:31 5:12 8:4
earth E6 stock vs free 勝率  87.5%  勝-負-未 237-34-29  先手 88.8% 後手 86.1%  中央値手番 9  凍結負け 0  氷 0.0回/局(延長 -)  相手王 K:202 4:39 5:21 6:4
earth E6 center vs free 勝率  90.9%  勝-負-未 251-25-24  先手 90.6% 後手 91.2%  中央値手番 9  凍結負け 0  氷 0.0回/局(延長 -)  相手王 K:214 5:30 4:23 8:4
earth E6 corner vs free 勝率  92.9%  勝-負-未 223-17-60  先手 90.2% 後手 95.8%  中央値手番 18  凍結負け 0  氷 0.0回/局(延長 -)  相手王 K:192 5:20 4:17 7:5
games 5400  594s
