E1/stock done 73s
E1/center done 203s
E1/corner done 346s
E2/stock done 439s
E2/center done 515s
E2/corner done 625s
E3/stock done 705s
E3/center done 788s
E3/corner done 889s
E4/stock done 956s
E4/center done 1043s
E4/corner done 1165s
E5/stock done 1232s
E5/center done 1319s
E5/corner done 1426s
E6/stock done 1474s
E6/center done 1553s
E6/corner done 1653s
earth E1 stock vs advsky 勝率  14.4%  勝-負-未 20-119-61  先手 20.3% 後手 8.6%  中央値手番 25  凍結負け 0  氷 0.0回/局(延長 -)  相手王 10:139
earth E1 center vs advsky 勝率   3.8%  勝-負-未 5-125-70  先手 5.2% 後手 2.8%  中央値手番 26  凍結負け 0  氷 0.0回/局(延長 -)  相手王 10:130
earth E1 corner vs advsky 勝率   9.3%  勝-負-未 11-107-82  先手 13.6% 後手 5.1%  中央値手番 28  凍結負け 0  氷 0.0回/局(延長 -)  相手王 10:118
earth E2 stock vs advsky 勝率   9.0%  勝-負-未 12-122-66  先手 16.7% 後手 1.5%  中央値手番 27  凍結負け 0  氷 0.0回/局(延長 -)  相手王 10:134
earth E2 center vs advsky 勝率  13.9%  勝-負-未 19-118-63  先手 14.1% 後手 13.6%  中央値手番 26  凍結負け 0  氷 0.0回/局(延長 -)  相手王 10:137
earth E2 corner vs advsky 勝率  11.1%  勝-負-未 13-104-83  先手 10.2% 後手 12.1%  中央値手番 33  凍結負け 0  氷 0.0回/局(延長 -)  相手王 10:117
earth E3 stock vs advsky 勝率   6.2%  勝-負-未 9-137-54  先手 5.8% 後手 6.5%  中央値手番 27  凍結負け 0  氷 0.0回/局(延長 -)  相手王 10:146
earth E3 center vs advsky 勝率   9.3%  勝-負-未 15-146-39  先手 10.1% 後手 8.5%  中央値手番 25  凍結負け 0  氷 0.0回/局(延長 -)  相手王 10:161
earth E3 corner vs advsky 勝率   5.7%  勝-負-未 8-133-59  先手 6.8% 後手 4.4%  中央値手番 29  凍結負け 0  氷 0.0回/局(延長 -)  相手王 10:141
earth E4 stock vs advsky 勝率  10.4%  勝-負-未 15-129-56  先手 16.2% 後手 4.3%  中央値手番 25  凍結負け 0  氷 0.0回/局(延長 -)  相手王 10:144
earth E4 center vs advsky 勝率   4.7%  勝-負-未 7-142-51  先手 7.1% 後手 2.5%  中央値手番 26  凍結負け 0  氷 0.0回/局(延長 -)  相手王 10:149
earth E4 corner vs advsky 勝率   4.2%  勝-負-未 5-113-82  先手 5.2% 後手 3.3%  中央値手番 27  凍結負け 0  氷 0.0回/局(延長 -)  相手王 10:118
earth E5 stock vs advsky 勝率  24.5%  勝-負-未 38-117-45  先手 29.6% 後手 18.9%  中央値手番 22  凍結負け 0  氷 0.0回/局(延長 -)  相手王 10:155
earth E5 center vs advsky 勝率   8.9%  勝-負-未 14-143-43  先手 10.0% 後手 7.8%  中央値手番 24  凍結負け 0  氷 0.0回/局(延長 -)  相手王 10:157
earth E5 corner vs advsky 勝率  11.1%  勝-負-未 14-112-74  先手 11.1% 後手 11.1%  中央値手番 31  凍結負け 0  氷 0.0回/局(延長 -)  相手王 10:126
earth E6 stock vs advsky 勝率  23.3%  勝-負-未 38-125-37  先手 29.1% 後手 17.9%  中央値手番 19  凍結負け 0  氷 0.0回/局(延長 -)  相手王 10:163
earth E6 center vs advsky 勝率  11.9%  勝-負-未 16-118-66  先手 13.4% 後手 10.4%  中央値手番 28  凍結負け 0  氷 0.0回/局(延長 -)  相手王 10:134
earth E6 corner vs advsky 勝率   7.9%  勝-負-未 8-93-99  先手 10.4% 後手 5.7%  中央値手番 34  凍結負け 0  氷 0.0回/局(延長 -)  相手王 10:101
games 3600  1653s
