F1/stock done 20s
F1/center done 46s
F1/corner done 86s
F2/stock done 126s
F2/center done 152s
F2/corner done 180s
F3/stock done 225s
F3/center done 252s
F3/corner done 282s
F4/stock done 314s
F4/center done 338s
F4/corner done 366s
F5/stock done 398s
F5/center done 421s
F5/corner done 444s
F6/stock done 470s
F6/center done 488s
F6/corner done 511s
forest F1 stock vs free 勝率  79.6%  勝-負-未 226-58-16  先手 83.7% 後手 75.5%  中央値手番 7  凍結負け 0  氷 0.0回/局(延長 -)  相手王 K:242 5:21 4:14 6:4
forest F1 center vs free 勝率  83.3%  勝-負-未 235-47-18  先手 85.0% 後手 81.7%  中央値手番 10  凍結負け 0  氷 0.0回/局(延長 -)  相手王 K:205 5:34 4:32 J:4
forest F1 corner vs free 勝率  84.9%  勝-負-未 225-40-35  先手 86.3% 後手 83.6%  中央値手番 15  凍結負け 0  氷 0.0回/局(延長 -)  相手王 K:200 5:25 4:19 8:6
forest F2 stock vs free 勝率  78.4%  勝-負-未 221-61-18  先手 78.2% 後手 78.6%  中央値手番 9  凍結負け 0  氷 0.0回/局(延長 -)  相手王 K:210 5:38 4:25 2:3
forest F2 center vs free 勝率  73.9%  勝-負-未 209-74-17  先手 77.0% 後手 70.8%  中央値手番 8  凍結負け 0  氷 0.0回/局(延長 -)  相手王 K:191 4:37 5:37 9:8
forest F2 corner vs free 勝率  78.9%  勝-負-未 217-58-25  先手 76.3% 後手 81.6%  中央値手番 15  凍結負け 0  氷 0.0回/局(延長 -)  相手王 K:191 5:45 4:29 6:4
forest F3 stock vs free 勝率  75.6%  勝-負-未 198-64-38  先手 74.4% 後手 76.7%  中央値手番 12  凍結負け 0  氷 0.0回/局(延長 -)  相手王 K:138 5:49 4:43 7:8
forest F3 center vs free 勝率  74.1%  勝-負-未 200-70-30  先手 78.1% 後手 69.9%  中央値手番 12  凍結負け 0  氷 0.0回/局(延長 -)  相手王 K:136 5:69 4:38 Q:6
forest F3 corner vs free 勝率  77.5%  勝-負-未 183-53-64  先手 77.6% 後手 77.5%  中央値手番 15  凍結負け 0  氷 0.0回/局(延長 -)  相手王 K:141 5:39 4:21 7:10
forest F4 stock vs free 勝率  68.8%  勝-負-未 187-85-28  先手 75.6% 後手 62.0%  中央値手番 8  凍結負け 0  氷 0.0回/局(延長 -)  相手王 K:198 5:36 4:31 2:2
forest F4 center vs free 勝率  72.4%  勝-負-未 199-76-25  先手 69.8% 後手 75.0%  中央値手番 9  凍結負け 0  氷 0.0回/局(延長 -)  相手王 K:195 4:35 5:30 8:6
forest F4 corner vs free 勝率  73.1%  勝-負-未 196-72-32  先手 75.7% 後手 70.5%  中央値手番 15  凍結負け 0  氷 0.0回/局(延長 -)  相手王 K:207 5:26 4:24 9:4
forest F5 stock vs free 勝率  45.0%  勝-負-未 127-155-18  先手 51.1% 後手 39.2%  中央値手番 5  凍結負け 0  氷 0.0回/局(延長 -)  相手王 K:210 5:47 4:20 6:2
forest F5 center vs free 勝率  86.7%  勝-負-未 247-38-15  先手 88.4% 後手 84.9%  中央値手番 8  凍結負け 0  氷 0.0回/局(延長 -)  相手王 K:216 5:34 4:22 2:2
forest F5 corner vs free 勝率  87.0%  勝-負-未 234-35-31  先手 89.0% 後手 85.0%  中央値手番 10  凍結負け 0  氷 0.0回/局(延長 -)  相手王 K:221 5:32 4:9 6:2
forest F6 stock vs free 勝率  71.1%  勝-負-未 204-83-13  先手 79.7% 後手 62.5%  中央値手番 7  凍結負け 0  氷 0.0回/局(延長 -)  相手王 K:213 5:36 4:21 10:6
forest F6 center vs free 勝率  82.5%  勝-負-未 240-51-9  先手 79.3% 後手 85.6%  中央値手番 7  凍結負け 0  氷 0.0回/局(延長 -)  相手王 K:227 5:40 4:10 J:6
forest F6 corner vs free 勝率  79.4%  勝-負-未 212-55-33  先手 80.7% 後手 78.0%  中央値手番 13  凍結負け 0  氷 0.0回/局(延長 -)  相手王 K:185 4:32 5:29 7:8
games 5400  511s
