earth/sea done 50s
earth/forest done 120s
earth/ice done 164s
earth/sky done 253s
earth/palace done 312s
sea/forest done 384s
sea/ice done 416s
sea/sky done 456s
sea/palace done 510s
forest/ice done 561s
forest/sky done 653s
forest/palace done 717s
ice/sky done 754s
ice/palace done 795s
sky/palace done 827s
earth vs sea   勝率   6.7%  勝-負-未 12-166-222  先手 7.5% 後手 6.1%  中央値手番 16  凍結負け 0  氷 0.0回/局(延長 -)  相手王 4:105 5:73
earth vs forest 勝率  60.0%  勝-負-未 6-4-390  先手 33.3% 後手 71.4%  中央値手番 21  凍結負け 0  氷 0.0回/局(延長 -)  相手王 6:6 7:4
earth vs ice   勝率  16.7%  勝-負-未 27-135-238  先手 17.9% 後手 15.5%  中央値手番 45  凍結負け 109  氷 0.0回/局(延長 -)  相手王 9:82 8:80
earth vs sky   勝率  82.8%  勝-負-未 135-28-237  先手 85.5% 後手 80.5%  中央値手番 26  凍結負け 0  氷 0.0回/局(延長 -)  相手王 10:163
earth vs palace 勝率   9.0%  勝-負-未 23-232-145  先手 12.1% 後手 6.1%  中央値手番 23  凍結負け 0  氷 0.0回/局(延長 -)  相手王 K:105 J:84 Q:66
sea vs forest  勝率  89.4%  勝-負-未 110-13-277  先手 89.9% 後手 88.9%  中央値手番 16  凍結負け 0  氷 0.0回/局(延長 -)  相手王 7:64 6:59
sea vs ice     勝率  35.3%  勝-負-未 101-185-114  先手 32.3% 後手 38.9%  中央値手番 23  凍結負け 142  氷 0.0回/局(延長 -)  相手王 8:146 9:140
sea vs sky     勝率  94.6%  勝-負-未 313-18-69  先手 93.5% 後手 95.7%  中央値手番 12  凍結負け 0  氷 0.0回/局(延長 -)  相手王 10:331
sea vs palace  勝率  30.5%  勝-負-未 90-205-105  先手 32.3% 後手 29.0%  中央値手番 24  凍結負け 0  氷 0.0回/局(延長 -)  相手王 K:116 J:93 Q:86
forest vs ice  勝率   9.3%  勝-負-未 23-224-153  先手 7.1% 後手 11.6%  中央値手番 50  凍結負け 194  氷 0.0回/局(延長 -)  相手王 9:134 8:113
forest vs sky  勝率  88.1%  勝-負-未 156-21-223  先手 86.2% 後手 90.0%  中央値手番 23  凍結負け 0  氷 0.0回/局(延長 -)  相手王 10:177
forest vs palace 勝率  19.6%  勝-負-未 45-185-170  先手 22.9% 後手 16.1%  中央値手番 26  凍結負け 0  氷 0.0回/局(延長 -)  相手王 K:96 J:75 Q:59
ice vs sky     勝率  86.4%  勝-負-未 287-45-68  先手 84.4% 後手 88.7%  中央値手番 37  凍結負け 37  氷 23.6回/局(延長 44.5%)  相手王 10:332
ice vs palace  勝率  31.5%  勝-負-未 67-146-187  先手 31.1% 後手 31.8%  中央値手番 22  凍結負け 21  氷 16.7回/局(延長 43.1%)  相手王 K:87 J:75 Q:51
sky vs palace  勝率   5.1%  勝-負-未 18-338-44  先手 5.1% 後手 5.1%  中央値手番 14  凍結負け 0  氷 0.0回/局(延長 -)  相手王 K:125 J:118 Q:113
games 6000  827s
