2 done 27s
3 done 54s
4 done 82s
5 done 105s
6 done 125s
7 done 146s
8 done 165s
9 done 183s
10 done 203s
J done 225s
Q done 247s
K done 273s
2+foil         勝率  63.2%  勝-負-未 366-213-21  先手 67.5% 後手 58.9%  中央値手番 11  ストレート 0  相手王 K:311 5:99 4:93 10:16
3+foil         勝率  67.9%  勝-負-未 390-184-26  先手 69.5% 後手 66.4%  中央値手番 9  ストレート 0  相手王 K:328 4:97 5:80 9:16
4+foil         勝率  62.5%  勝-負-未 374-224-2  先手 64.5% 後手 60.5%  中央値手番 8  ストレート 0  相手王 K:342 5:105 4:65 Q:16
5+foil         勝率  60.3%  勝-負-未 361-238-1  先手 63.7% 後手 56.9%  中央値手番 9  ストレート 2  相手王 K:338 4:98 5:68 J:18
6+foil         勝率  60.2%  勝-負-未 357-236-7  先手 61.5% 後手 58.9%  中央値手番 7  ストレート 0  相手王 K:340 4:101 5:91 Q:16
7+foil         勝率  61.9%  勝-負-未 365-225-10  先手 66.0% 後手 57.8%  中央値手番 8  ストレート 0  相手王 K:362 4:105 5:64 Q:15
8+foil         勝率  52.8%  勝-負-未 316-283-1  先手 56.3% 後手 49.2%  中央値手番 7  ストレート 0  相手王 K:368 4:94 5:79 J:16
9+foil         勝率  54.9%  勝-負-未 324-266-10  先手 61.0% 後手 48.8%  中央値手番 10  ストレート 0  相手王 K:334 4:94 5:93 J:14
10+foil        勝率  63.2%  勝-負-未 378-220-2  先手 66.3% 後手 60.1%  中央値手番 9  ストレート 0  相手王 K:342 4:110 5:64 J:16
J+foil         勝率  45.7%  勝-負-未 274-326-0  先手 46.3% 後手 45.0%  中央値手番 7  ストレート 0  相手王 K:378 5:108 4:68 10:14
Q+foil         勝率  50.7%  勝-負-未 304-296-0  先手 51.7% 後手 49.7%  中央値手番 8  ストレート 0  相手王 K:346 5:114 4:80 7:12
K+foil         勝率  58.7%  勝-負-未 352-248-0  先手 60.0% 後手 57.3%  中央値手番 8  ストレート 18  相手王 K:296 5:116 4:80 10:28
games 7200  273s
