2 done 25s
3 done 49s
4 done 77s
5 done 98s
6 done 118s
7 done 139s
8 done 158s
9 done 175s
10 done 193s
J done 210s
Q done 228s
K done 247s
2              勝率  55.7%  勝-負-未 331-263-6  先手 60.3% 後手 51.2%  中央値手番 11  ストレート 0  相手王 K:322 5:98 4:96 10:16
3              勝率  54.6%  勝-負-未 319-265-16  先手 60.4% 後手 49.0%  中央値手番 10  ストレート 0  相手王 K:337 4:94 5:83 9:15
4              勝率  55.4%  勝-負-未 330-266-4  先手 58.7% 後手 52.0%  中央値手番 9  ストレート 0  相手王 K:342 5:102 4:66 Q:16
5              勝率  55.9%  勝-負-未 330-260-10  先手 58.1% 後手 53.7%  中央値手番 9  ストレート 0  相手王 K:338 4:94 5:65 J:18
6              勝率  54.3%  勝-負-未 318-268-14  先手 57.0% 後手 51.5%  中央値手番 7  ストレート 0  相手王 K:340 4:94 5:91 Q:16
7              勝率  51.1%  勝-負-未 302-289-9  先手 53.6% 後手 48.6%  中央値手番 8  ストレート 0  相手王 K:361 4:105 5:64 Q:16
8              勝率  46.7%  勝-負-未 280-319-1  先手 48.5% 後手 45.0%  中央値手番 6  ストレート 0  相手王 K:368 4:94 5:79 J:16
9              勝率  49.3%  勝-負-未 292-300-8  先手 52.7% 後手 46.0%  中央値手番 8  ストレート 0  相手王 K:334 5:95 4:94 J:14
10             勝率  48.5%  勝-負-未 290-308-2  先手 49.2% 後手 47.8%  中央値手番 8  ストレート 0  相手王 K:342 4:110 5:64 J:16
J              勝率  39.7%  勝-負-未 238-362-0  先手 40.7% 後手 38.7%  中央値手番 6  ストレート 0  相手王 K:378 5:108 4:68 10:14
Q              勝率  50.8%  勝-負-未 303-294-3  先手 52.8% 後手 48.7%  中央値手番 8  ストレート 0  相手王 K:346 5:111 4:80 7:12
K              勝率  49.0%  勝-負-未 294-306-0  先手 50.3% 後手 47.7%  中央値手番 7  ストレート 48  相手王 K:296 5:116 4:80 10:28
games 7200  247s
