earth/sea done 48s
earth/forest done 140s
earth/ice done 192s
earth/sky done 516s
earth/palace done 572s
sea/forest done 646s
sea/ice done 678s
sea/sky done 931s
sea/palace done 988s
forest/ice done 1042s
forest/sky done 1477s
forest/palace done 1540s
ice/sky done 1722s
ice/palace done 1768s
sky/palace done 1937s
earth vs sea   勝率  10.8%  勝-負-未 17-140-243  先手 11.8% 後手 9.7%  中央値手番 16  凍結負け 0  氷 0.0回/局(延長 -)  相手王 4:102 5:55
earth vs forest 勝率  45.5%  勝-負-未 5-6-389  先手 71.4% 後手 0.0%  中央値手番 13  凍結負け 0  氷 0.0回/局(延長 -)  相手王 7:6 6:5
earth vs ice   勝率  11.2%  勝-負-未 20-158-222  先手 8.0% 後手 14.3%  中央値手番 47  凍結負け 136  氷 0.0回/局(延長 -)  相手王 8:90 9:88
earth vs sky   勝率  19.0%  勝-負-未 24-102-274  先手 20.0% 後手 18.2%  中央値手番 36  凍結負け 0  氷 0.0回/局(延長 -)  相手王 10:126
earth vs palace 勝率   9.6%  勝-負-未 26-246-128  先手 13.5% 後手 5.8%  中央値手番 26  凍結負け 0  氷 0.0回/局(延長 -)  相手王 K:103 J:89 Q:80
sea vs forest  勝率  83.5%  勝-負-未 96-19-285  先手 86.2% 後手 80.7%  中央値手番 15  凍結負け 0  氷 0.0回/局(延長 -)  相手王 6:62 7:53
sea vs ice     勝率  35.6%  勝-負-未 105-190-105  先手 40.1% 後手 31.1%  中央値手番 22  凍結負け 133  氷 0.0回/局(延長 -)  相手王 8:152 9:143
sea vs sky     勝率  22.8%  勝-負-未 58-196-146  先手 27.8% 後手 18.0%  中央値手番 29  凍結負け 0  氷 0.0回/局(延長 -)  相手王 10:254
sea vs palace  勝率  29.7%  勝-負-未 83-196-121  先手 31.3% 後手 28.5%  中央値手番 25  凍結負け 0  氷 0.0回/局(延長 -)  相手王 K:116 J:83 Q:80
forest vs ice  勝率   8.7%  勝-負-未 20-211-169  先手 7.2% 後手 10.0%  中央値手番 55  凍結負け 190  氷 0.0回/局(延長 -)  相手王 9:124 8:107
forest vs sky  勝率   7.3%  勝-負-未 8-101-291  先手 8.9% 後手 5.7%  中央値手番 36  凍結負け 0  氷 0.0回/局(延長 -)  相手王 10:109
forest vs palace 勝率  19.0%  勝-負-未 44-188-168  先手 16.4% 後手 21.3%  中央値手番 25  凍結負け 0  氷 0.0回/局(延長 -)  相手王 K:92 J:78 Q:62
ice vs sky     勝率  38.5%  勝-負-未 37-59-304  先手 39.5% 後手 37.7%  中央値手番 38  凍結負け 4  氷 24.3回/局(延長 45.9%)  相手王 10:96
ice vs palace  勝率  36.8%  勝-負-未 78-134-188  先手 43.8% 後手 29.9%  中央値手番 21  凍結負け 31  氷 15.5回/局(延長 37.2%)  相手王 K:90 J:74 Q:48
sky vs palace  勝率  54.3%  勝-負-未 127-107-166  先手 58.1% 後手 50.0%  中央値手番 23  凍結負け 0  氷 0.0回/局(延長 -)  相手王 K:101 Q:70 J:63
games 6000  1937s
