earth/sea done 47s
earth/forest done 172s
earth/ice done 230s
earth/sky done 374s
earth/palace done 458s
sea/forest done 527s
sea/ice done 569s
sea/sky done 651s
sea/palace done 711s
forest/ice done 771s
forest/sky done 947s
forest/palace done 1033s
ice/sky done 1133s
ice/palace done 1197s
sky/palace done 1321s
earth vs sea   勝率  15.8%  勝-負-未 41-218-141  先手 18.3% 後手 13.7%  中央値手番 19  凍結負け 0  氷 0.0回/局(延長 -)  相手王 5:135 4:124
earth vs forest 勝率  69.6%  勝-負-未 16-7-377  先手 88.9% 後手 57.1%  中央値手番 4  凍結負け 0  氷 0.0回/局(延長 -)  相手王 7:14 6:9
earth vs ice   勝率  46.7%  勝-負-未 43-49-308  先手 54.3% 後手 39.1%  中央値手番 38  凍結負け 32  氷 0.0回/局(延長 -)  相手王 8:48 9:44
earth vs sky   勝率  12.4%  勝-負-未 36-255-109  先手 14.5% 後手 10.5%  中央値手番 24  凍結負け 0  氷 0.0回/局(延長 -)  相手王 10:291
earth vs palace 勝率  19.0%  勝-負-未 56-238-106  先手 25.0% 後手 13.0%  中央値手番 25  凍結負け 0  氷 0.0回/局(延長 -)  相手王 K:122 J:88 Q:84
sea vs forest  勝率  77.3%  勝-負-未 174-51-175  先手 81.8% 後手 72.1%  中央値手番 17  凍結負け 0  氷 0.0回/局(延長 -)  相手王 7:118 6:107
sea vs ice     勝率  50.6%  勝-負-未 121-118-161  先手 58.4% 後手 42.1%  中央値手番 20  凍結負け 20  氷 0.0回/局(延長 -)  相手王 8:129 9:110
sea vs sky     勝率  42.1%  勝-負-未 150-206-44  先手 48.0% 後手 36.3%  中央値手番 18  凍結負け 0  氷 0.0回/局(延長 -)  相手王 10:356
sea vs palace  勝率  46.0%  勝-負-未 163-191-46  先手 48.3% 後手 43.8%  中央値手番 20  凍結負け 0  氷 0.0回/局(延長 -)  相手王 K:127 J:122 Q:105
forest vs ice  勝率  26.3%  勝-負-未 47-132-221  先手 26.5% 後手 25.9%  中央値手番 40  凍結負け 83  氷 0.0回/局(延長 -)  相手王 8:94 9:85
forest vs sky  勝率   9.7%  勝-負-未 27-252-121  先手 11.5% 後手 8.1%  中央値手番 24  凍結負け 0  氷 0.0回/局(延長 -)  相手王 10:279
forest vs palace 勝率  16.5%  勝-負-未 48-243-109  先手 20.8% 後手 12.2%  中央値手番 25  凍結負け 0  氷 0.0回/局(延長 -)  相手王 K:116 J:95 Q:80
ice vs sky     勝率  24.6%  勝-負-未 47-144-209  先手 30.0% 後手 19.8%  中央値手番 22  凍結負け 1  氷 13.6回/局(延長 44.2%)  相手王 10:191
ice vs palace  勝率  27.6%  勝-負-未 58-152-190  先手 30.8% 後手 24.5%  中央値手番 16  凍結負け 0  氷 13.3回/局(延長 39.8%)  相手王 K:100 J:60 Q:50
sky vs palace  勝率  55.8%  勝-負-未 187-148-65  先手 64.9% 後手 46.7%  中央値手番 16  凍結負け 0  氷 0.0回/局(延長 -)  相手王 K:124 Q:110 J:101
games 6000  1321s
