P2/corner done 86s
P2/stock done 200s
P3/corner done 242s
P3/stock done 303s
P4/corner done 323s
P4/stock done 348s
P6/corner done 361s
P6/stock done 379s
P7/corner done 409s
P7/stock done 492s
P8/corner done 526s
P8/stock done 559s
palace P2 corner vs free 勝率  87.0%  勝-負-未 174-26-0  先手 87.0% 後手 87.0%  中央値手番 15  凍結負け 0  詰め[即55/必至25/両狙い21] 取られ805/取り返し59.6%/取り逃げ0  氷 0.0回/局(延長 -)  相手王 K:78 4:54 5:42 2:6
palace P2 stock vs free 勝率  83.5%  勝-負-未 167-33-0  先手 84.0% 後手 83.0%  中央値手番 15  凍結負け 0  詰め[即40/必至17/両狙い25] 取られ829/取り返し53.7%/取り逃げ0  氷 0.0回/局(延長 -)  相手王 K:100 5:54 4:30 2:4
palace P3 corner vs free 勝率  89.5%  勝-負-未 179-21-0  先手 89.0% 後手 90.0%  中央値手番 14  凍結負け 0  詰め[即41/必至16/両狙い37] 取られ844/取り返し54.0%/取り逃げ0  氷 0.0回/局(延長 -)  相手王 K:84 4:58 5:34 Q:8
palace P3 stock vs free 勝率  84.8%  勝-負-未 167-30-3  先手 83.0% 後手 86.6%  中央値手番 11  凍結負け 0  詰め[即34/必至16/両狙い13] 取られ709/取り返し61.8%/取り逃げ0  氷 0.0回/局(延長 -)  相手王 K:85 4:61 5:31 J:6
palace P4 corner vs free 勝率  89.4%  勝-負-未 178-21-1  先手 87.9% 後手 91.0%  中央値手番 15  凍結負け 0  詰め[即46/必至20/両狙い27] 取られ885/取り返し52.5%/取り逃げ0  氷 0.0回/局(延長 -)  相手王 K:102 5:44 4:27 3:6
palace P4 stock vs free 勝率  88.9%  勝-負-未 177-22-1  先手 85.9% 後手 92.0%  中央値手番 15  凍結負け 0  詰め[即39/必至15/両狙い18] 取られ933/取り返し52.0%/取り逃げ0  氷 0.0回/局(延長 -)  相手王 K:98 4:45 5:38 6:6
palace P6 corner vs free 勝率  90.0%  勝-負-未 180-20-0  先手 85.0% 後手 95.0%  中央値手番 14  凍結負け 0  詰め[即39/必至15/両狙い20] 取られ855/取り返し54.0%/取り逃げ0  氷 0.0回/局(延長 -)  相手王 K:102 5:46 4:34 9:6
palace P6 stock vs free 勝率  89.5%  勝-負-未 179-21-0  先手 92.0% 後手 87.0%  中央値手番 15  凍結負け 0  詰め[即51/必至24/両狙い17] 取られ902/取り返し55.2%/取り逃げ0  氷 0.0回/局(延長 -)  相手王 K:76 4:60 5:42 6:10
palace P7 corner vs free 勝率  82.9%  勝-負-未 165-34-1  先手 83.8% 後手 82.0%  中央値手番 13  凍結負け 0  詰め[即28/必至12/両狙い10] 取られ777/取り返し51.1%/取り逃げ1  氷 0.0回/局(延長 -)  相手王 K:92 5:46 4:42 3:4
palace P7 stock vs free 勝率  79.1%  勝-負-未 155-41-4  先手 80.6% 後手 77.6%  中央値手番 13  凍結負け 0  詰め[即27/必至13/両狙い4] 取られ715/取り返し51.9%/取り逃げ1  氷 0.0回/局(延長 -)  相手王 K:92 4:44 5:34 Q:8
palace P8 corner vs free 勝率  91.0%  勝-負-未 182-18-0  先手 91.0% 後手 91.0%  中央値手番 15  凍結負け 0  詰め[即50/必至20/両狙い32] 取られ831/取り返し52.5%/取り逃げ0  氷 0.0回/局(延長 -)  相手王 K:94 5:44 4:40 7:6
palace P8 stock vs free 勝率  79.3%  勝-負-未 157-41-2  先手 86.0% 後手 72.4%  中央値手番 15  凍結負け 0  詰め[即42/必至23/両狙い22] 取られ844/取り返し55.0%/取り逃げ0  氷 0.0回/局(延長 -)  相手王 K:82 4:48 5:45 2:4
games 2400  559s
