W1/corner done 38s
W1/stock done 72s
W1/center done 98s
W2/corner done 120s
W2/stock done 144s
W2/center done 159s
W3/corner done 174s
W3/stock done 189s
W3/center done 201s
W4/corner done 212s
W4/stock done 222s
W4/center done 231s
W5/corner done 240s
W5/stock done 251s
W5/center done 262s
W6/corner done 271s
W6/stock done 281s
W6/center done 288s
sea W1 corner vs free 勝率  96.2%  勝-負-未 226-9-5  先手 96.6% 後手 95.8%  中央値手番 11  凍結負け 0  詰め[即0/必至0/両狙い0] 取られ999/取り返し37.8%/取り逃げ2  氷 0.0回/局(延長 -)  相手王 K:182 5:31 6:4 7:4
sea W1 stock vs free 勝率  98.7%  勝-負-未 236-3-1  先手 99.2% 後手 98.3%  中央値手番 4  凍結負け 0  詰め[即0/必至0/両狙い0] 取られ628/取り返し23.1%/取り逃げ1  氷 0.0回/局(延長 -)  相手王 K:181 5:30 9:10 10:8
sea W1 center vs free 勝率  91.9%  勝-負-未 216-19-5  先手 94.1% 後手 89.7%  中央値手番 8  凍結負け 0  詰め[即0/必至0/両狙い0] 取られ877/取り返し37.5%/取り逃げ0  氷 0.0回/局(延長 -)  相手王 K:177 5:34 7:6 6:4
sea W2 corner vs free 勝率  93.2%  勝-負-未 221-16-3  先手 93.2% 後手 93.3%  中央値手番 8  凍結負け 0  詰め[即0/必至0/両狙い0] 取られ917/取り返し34.0%/取り逃げ0  氷 0.0回/局(延長 -)  相手王 K:189 4:30 8:6 9:6
sea W2 stock vs free 勝率  72.8%  勝-負-未 169-63-8  先手 73.0% 後手 72.6%  中央値手番 8  凍結負け 0  詰め[即0/必至0/両狙い0] 取られ920/取り返し22.3%/取り逃げ0  氷 0.0回/局(延長 -)  相手王 K:171 4:38 10:6 6:4
sea W2 center vs free 勝率  90.6%  勝-負-未 213-22-5  先手 90.6% 後手 90.7%  中央値手番 8  凍結負け 0  詰め[即0/必至0/両狙い0] 取られ856/取り返し37.9%/取り逃げ0  氷 0.0回/局(延長 -)  相手王 K:178 4:37 8:8 7:6
sea W3 corner vs free 勝率  83.4%  勝-負-未 196-39-5  先手 85.3% 後手 81.5%  中央値手番 10  凍結負け 0  詰め[即0/必至0/両狙い0] 取られ1002/取り返し29.9%/取り逃げ2  氷 0.0回/局(延長 -)  相手王 K:186 5:29 7:6 6:4
sea W3 stock vs free 勝率  78.2%  勝-負-未 187-52-1  先手 89.1% 後手 67.5%  中央値手番 7  凍結負け 0  詰め[即0/必至0/両狙い0] 取られ871/取り返し29.0%/取り逃げ1  氷 0.0回/局(延長 -)  相手王 K:193 5:30 6:4 9:4
sea W3 center vs free 勝率  93.3%  勝-負-未 224-16-0  先手 93.3% 後手 93.3%  中央値手番 6  凍結負け 0  詰め[即0/必至0/両狙い0] 取られ738/取り返し31.6%/取り逃げ3  氷 0.0回/局(延長 -)  相手王 K:172 5:32 6:12 7:8
sea W4 corner vs free 勝率  94.1%  勝-負-未 223-14-3  先手 90.8% 後手 97.5%  中央値手番 11  凍結負け 0  詰め[即0/必至0/両狙い0] 取られ986/取り返し33.7%/取り逃げ0  氷 0.0回/局(延長 -)  相手王 K:142 5:51 Q:16 J:10
sea W4 stock vs free 勝率  90.1%  勝-負-未 210-23-7  先手 90.0% 後手 90.3%  中央値手番 7  凍結負け 0  詰め[即0/必至0/両狙い0] 取られ828/取り返し20.7%/取り逃げ0  氷 0.0回/局(延長 -)  相手王 K:156 5:53 9:10 7:6
sea W4 center vs free 勝率  91.9%  勝-負-未 215-19-6  先手 91.5% 後手 92.3%  中央値手番 7  凍結負け 0  詰め[即0/必至0/両狙い0] 取られ817/取り返し35.7%/取り逃げ0  氷 0.0回/局(延長 -)  相手王 K:142 5:52 Q:12 7:6
sea W5 corner vs free 勝率  87.1%  勝-負-未 203-30-7  先手 88.0% 後手 86.2%  中央値手番 12  凍結負け 0  詰め[即0/必至0/両狙い0] 取られ1034/取り返し28.1%/取り逃げ3  氷 0.0回/局(延長 -)  相手王 K:186 4:34 9:4 10:4
sea W5 stock vs free 勝率  78.6%  勝-負-未 184-50-6  先手 87.9% 後手 69.5%  中央値手番 6  凍結負け 0  詰め[即0/必至0/両狙い0] 取られ840/取り返し33.7%/取り逃げ0  氷 0.0回/局(延長 -)  相手王 K:185 4:27 8:8 7:6
sea W5 center vs free 勝率  77.4%  勝-負-未 182-53-5  先手 76.1% 後手 78.8%  中央値手番 11  凍結負け 0  詰め[即0/必至0/両狙い0] 取られ1010/取り返し32.4%/取り逃げ0  氷 0.0回/局(延長 -)  相手王 K:179 4:40 6:6 9:4
sea W6 corner vs free 勝率  91.9%  勝-負-未 217-19-4  先手 93.2% 後手 90.8%  中央値手番 9  凍結負け 0  詰め[即0/必至0/両狙い0] 取られ955/取り返し33.3%/取り逃げ0  氷 0.0回/局(延長 -)  相手王 K:185 5:33 9:10 2:2
sea W6 stock vs free 勝率  82.6%  勝-負-未 195-41-4  先手 84.9% 後手 80.3%  中央値手番 6  凍結負け 0  詰め[即0/必至0/両狙い0] 取られ709/取り返し19.9%/取り逃げ1  氷 0.0回/局(延長 -)  相手王 K:172 5:36 6:8 7:6
sea W6 center vs free 勝率  92.9%  勝-負-未 222-17-1  先手 91.7% 後手 94.1%  中央値手番 6  凍結負け 0  詰め[即0/必至0/両狙い0] 取られ800/取り返し31.4%/取り逃げ1  氷 0.0回/局(延長 -)  相手王 K:182 5:30 3:7 10:6
games 4320  288s
