S1/stock/sky done 57s
S1/center/sky done 122s
S1/corner/sky done 196s
S2/stock/sky done 268s
S2/center/sky done 328s
S2/corner/sky done 390s
S3/stock/sky done 461s
S3/center/sky done 531s
S3/corner/sky done 591s
S4/stock/sky done 649s
S4/center/sky done 693s
S4/corner/sky done 747s
S5/stock/sky done 790s
S5/center/sky done 837s
S5/corner/sky done 876s
S6/stock/sky done 919s
S6/center/sky done 958s
S6/corner/sky done 1000s
S1 stock sky vs free 勝率  82.5%  勝-負-未 316-67-17  先手 81.8% 後手 83.2%  中央値手番 13  凍結負け 0  氷 0.0回/局(延長 -)  相手王 K:179 5:87 4:63 Q:14
S1 center sky vs free 勝率  76.1%  勝-負-未 296-93-11  先手 78.4% 後手 73.8%  中央値手番 10  凍結負け 0  氷 0.0回/局(延長 -)  相手王 K:226 5:68 4:60 J:8
S1 corner sky vs free 勝率  82.7%  勝-負-未 316-66-18  先手 81.6% 後手 83.9%  中央値手番 19  凍結負け 0  氷 0.0回/局(延長 -)  相手王 K:198 5:90 4:63 6:8
S2 stock sky vs free 勝率  84.9%  勝-負-未 333-59-8  先手 89.4% 後手 80.4%  中央値手番 7  凍結負け 0  氷 0.0回/局(延長 -)  相手王 K:301 5:53 4:18 7:4
S2 center sky vs free 勝率  81.8%  勝-負-未 324-72-4  先手 85.3% 後手 78.4%  中央値手番 7  凍結負け 0  氷 0.0回/局(延長 -)  相手王 K:291 5:50 4:37 10:6
S2 corner sky vs free 勝率  84.7%  勝-負-未 326-59-15  先手 85.9% 後手 83.4%  中央値手番 13  凍結負け 0  氷 0.0回/局(延長 -)  相手王 K:288 4:42 5:39 9:6
S3 stock sky vs free 勝率  82.0%  勝-負-未 323-71-6  先手 83.3% 後手 80.6%  中央値手番 10  凍結負け 0  氷 0.0回/局(延長 -)  相手王 K:245 5:61 4:52 6:8
S3 center sky vs free 勝率  81.3%  勝-負-未 318-73-9  先手 84.0% 後手 78.7%  中央値手番 9  凍結負け 0  氷 0.0回/局(延長 -)  相手王 K:255 5:62 4:33 Q:12
S3 corner sky vs free 勝率  88.1%  勝-負-未 339-46-15  先手 87.1% 後手 89.0%  中央値手番 17  凍結負け 0  氷 0.0回/局(延長 -)  相手王 K:248 5:62 4:49 Q:12
S4 stock sky vs free 勝率  74.5%  勝-負-未 295-101-4  先手 77.8% 後手 71.2%  中央値手番 9  凍結負け 0  氷 0.0回/局(延長 -)  相手王 K:276 5:66 4:18 10:12
S4 center sky vs free 勝率  82.5%  勝-負-未 325-69-6  先手 87.4% 後手 77.6%  中央値手番 9  凍結負け 0  氷 0.0回/局(延長 -)  相手王 K:270 5:67 4:11 7:10
S4 corner sky vs free 勝率  83.9%  勝-負-未 324-62-14  先手 85.5% 後手 82.4%  中央値手番 16  凍結負け 0  氷 0.0回/局(延長 -)  相手王 K:292 5:60 8:10 4:8
S5 stock sky vs free 勝率  72.8%  勝-負-未 278-104-18  先手 82.6% 後手 63.0%  中央値手番 12  凍結負け 0  氷 0.0回/局(延長 -)  相手王 K:217 5:79 4:49 9:12
S5 center sky vs free 勝率  75.5%  勝-負-未 290-94-16  先手 77.6% 後手 73.4%  中央値手番 14  凍結負け 0  氷 0.0回/局(延長 -)  相手王 K:234 4:59 5:55 2:8
S5 corner sky vs free 勝率  82.4%  勝-負-未 314-67-19  先手 82.1% 後手 82.7%  中央値手番 16  凍結負け 0  氷 0.0回/局(延長 -)  相手王 K:199 5:80 4:48 7:12
S6 stock sky vs free 勝率  85.6%  勝-負-未 334-56-10  先手 91.9% 後手 79.2%  中央値手番 8  凍結負け 0  氷 0.0回/局(延長 -)  相手王 K:298 5:39 4:20 3:9
S6 center sky vs free 勝率  86.4%  勝-負-未 343-54-3  先手 90.5% 後手 82.3%  中央値手番 7  凍結負け 0  氷 0.0回/局(延長 -)  相手王 K:298 5:48 4:41 6:6
S6 corner sky vs free 勝率  85.0%  勝-負-未 335-59-6  先手 83.7% 後手 86.4%  中央値手番 14  凍結負け 0  氷 0.0回/局(延長 -)  相手王 K:285 5:47 4:42 J:6
games 7200  1000s
