S1/stock/sky done 97s
S1/center/sky done 221s
S1/corner/sky done 291s
S2/stock/sky done 403s
S2/center/sky done 510s
S2/corner/sky done 577s
S3/stock/sky done 652s
S3/center/sky done 742s
S3/corner/sky done 791s
S4/stock/sky done 865s
S4/center/sky done 946s
S4/corner/sky done 1000s
S5/stock/sky done 1077s
S5/center/sky done 1154s
S5/corner/sky done 1201s
S6/stock/sky done 1254s
S6/center/sky done 1328s
S6/corner/sky done 1373s
S1 stock sky vs fortice 勝率  19.4%  勝-負-未 6-25-209  先手 18.8% 後手 20.0%  中央値手番 35  凍結負け 1  氷 0.0回/局(延長 -)  相手王 9:31
S1 center sky vs fortice 勝率  28.4%  勝-負-未 19-48-173  先手 29.0% 後手 27.8%  中央値手番 30  凍結負け 0  氷 0.0回/局(延長 -)  相手王 9:67
S1 corner sky vs fortice 勝率  26.7%  勝-負-未 20-55-165  先手 27.3% 後手 25.8%  中央値手番 11  凍結負け 1  氷 0.0回/局(延長 -)  相手王 9:75
S2 stock sky vs fortice 勝率  35.9%  勝-負-未 14-25-201  先手 52.6% 後手 20.0%  中央値手番 42  凍結負け 1  氷 0.0回/局(延長 -)  相手王 9:39
S2 center sky vs fortice 勝率  76.3%  勝-負-未 74-23-143  先手 62.7% 後手 91.3%  中央値手番 7  凍結負け 0  氷 0.0回/局(延長 -)  相手王 9:97
S2 corner sky vs fortice 勝率  45.7%  勝-負-未 32-38-170  先手 45.7% 後手 45.8%  中央値手番 22  凍結負け 4  氷 0.0回/局(延長 -)  相手王 9:70
S3 stock sky vs fortice 勝率  18.0%  勝-負-未 9-41-190  先手 22.2% 後手 15.6%  中央値手番 16  凍結負け 0  氷 0.0回/局(延長 -)  相手王 9:50
S3 center sky vs fortice 勝率  23.8%  勝-負-未 15-48-177  先手 25.7% 後手 21.4%  中央値手番 35  凍結負け 0  氷 0.0回/局(延長 -)  相手王 9:63
S3 corner sky vs fortice 勝率  32.9%  勝-負-未 26-53-161  先手 40.0% 後手 25.6%  中央値手番 13  凍結負け 6  氷 0.0回/局(延長 -)  相手王 9:79
S4 stock sky vs fortice 勝率   9.4%  勝-負-未 5-48-187  先手 4.5% 後手 12.9%  中央値手番 28  凍結負け 0  氷 0.0回/局(延長 -)  相手王 9:53
S4 center sky vs fortice 勝率  45.6%  勝-負-未 31-37-172  先手 50.0% 後手 41.7%  中央値手番 27  凍結負け 3  氷 0.0回/局(延長 -)  相手王 9:68
S4 corner sky vs fortice 勝率  22.0%  勝-負-未 13-46-181  先手 36.7% 後手 6.9%  中央値手番 16  凍結負け 8  氷 0.0回/局(延長 -)  相手王 9:59
S5 stock sky vs fortice 勝率  72.3%  勝-負-未 34-13-193  先手 60.0% 後手 81.5%  中央値手番 21  凍結負け 3  氷 0.0回/局(延長 -)  相手王 9:47
S5 center sky vs fortice 勝率  13.0%  勝-負-未 9-60-171  先手 16.7% 後手 9.1%  中央値手番 37  凍結負け 0  氷 0.0回/局(延長 -)  相手王 9:69
S5 corner sky vs fortice 勝率  23.9%  勝-負-未 17-54-169  先手 10.8% 後手 38.2%  中央値手番 13  凍結負け 4  氷 0.0回/局(延長 -)  相手王 9:71
S6 stock sky vs fortice 勝率  86.4%  勝-負-未 127-20-93  先手 79.4% 後手 91.7%  中央値手番 8  凍結負け 2  氷 0.0回/局(延長 -)  相手王 9:147
S6 center sky vs fortice 勝率  39.2%  勝-負-未 31-48-161  先手 29.3% 後手 50.0%  中央値手番 39  凍結負け 0  氷 0.0回/局(延長 -)  相手王 9:79
S6 corner sky vs fortice 勝率  31.0%  勝-負-未 26-58-156  先手 34.0% 後手 27.0%  中央値手番 14  凍結負け 7  氷 0.0回/局(延長 -)  相手王 9:84
games 4320  1373s
