S1/stock/sky done 29s
S1/center/sky done 61s
S1/corner/sky done 89s
S2/stock/sky done 139s
S2/center/sky done 178s
S2/corner/sky done 209s
S3/stock/sky done 246s
S3/center/sky done 280s
S3/corner/sky done 312s
S4/stock/sky done 351s
S4/center/sky done 387s
S4/corner/sky done 421s
S6/stock/sky done 456s
S6/center/sky done 496s
S6/corner/sky done 528s
S1 stock sky vs sky 勝率  44.5%  勝-負-未 133-166-1  先手 47.3% 後手 41.6%  中央値手番 10  凍結負け 0  氷 0.0回/局(延長 -)  相手王 10:299
S1 center sky vs sky 勝率  47.3%  勝-負-未 142-158-0  先手 46.7% 後手 48.0%  中央値手番 11  凍結負け 0  氷 0.0回/局(延長 -)  相手王 10:300
S1 corner sky vs sky 勝率  48.1%  勝-負-未 142-153-5  先手 47.3% 後手 49.0%  中央値手番 17  凍結負け 0  氷 0.0回/局(延長 -)  相手王 10:295
S2 stock sky vs sky 勝率  46.8%  勝-負-未 140-159-1  先手 48.7% 後手 45.0%  中央値手番 12  凍結負け 0  氷 0.0回/局(延長 -)  相手王 10:299
S2 center sky vs sky 勝率  44.7%  勝-負-未 134-166-0  先手 44.0% 後手 45.3%  中央値手番 11  凍結負け 0  氷 0.0回/局(延長 -)  相手王 10:300
S2 corner sky vs sky 勝率  58.2%  勝-負-未 171-123-6  先手 55.5% 後手 60.8%  中央値手番 15  凍結負け 0  氷 0.0回/局(延長 -)  相手王 10:294
S3 stock sky vs sky 勝率  35.7%  勝-負-未 107-193-0  先手 37.3% 後手 34.0%  中央値手番 12  凍結負け 0  氷 0.0回/局(延長 -)  相手王 10:300
S3 center sky vs sky 勝率  39.1%  勝-負-未 117-182-1  先手 39.3% 後手 38.9%  中央値手番 13  凍結負け 0  氷 0.0回/局(延長 -)  相手王 10:299
S3 corner sky vs sky 勝率  44.5%  勝-負-未 130-162-8  先手 46.6% 後手 42.5%  中央値手番 18  凍結負け 0  氷 0.0回/局(延長 -)  相手王 10:292
S4 stock sky vs sky 勝率  44.1%  勝-負-未 132-167-1  先手 48.7% 後手 39.6%  中央値手番 13  凍結負け 0  氷 0.0回/局(延長 -)  相手王 10:299
S4 center sky vs sky 勝率  42.7%  勝-負-未 128-172-0  先手 41.3% 後手 44.0%  中央値手番 14  凍結負け 0  氷 0.0回/局(延長 -)  相手王 10:300
S4 corner sky vs sky 勝率  50.3%  勝-負-未 150-148-2  先手 49.3% 後手 51.3%  中央値手番 19  凍結負け 0  氷 0.0回/局(延長 -)  相手王 10:298
S6 stock sky vs sky 勝率  45.7%  勝-負-未 137-163-0  先手 48.7% 後手 42.7%  中央値手番 10  凍結負け 0  氷 0.0回/局(延長 -)  相手王 10:300
S6 center sky vs sky 勝率  50.8%  勝-負-未 152-147-1  先手 53.3% 後手 48.3%  中央値手番 10  凍結負け 0  氷 0.0回/局(延長 -)  相手王 10:299
S6 corner sky vs sky 勝率  49.2%  勝-負-未 146-151-3  先手 46.6% 後手 51.7%  中央値手番 19  凍結負け 0  氷 0.0回/局(延長 -)  相手王 10:297
games 4500  528s
